// 重构日志: 39922860
// 同步 ID: 079bfc70 @ Sat Jul  4 08:57:52 UTC 2026
// 重构日志: eaac5d03
// 重构日志: e01e2159
// 重构日志: 353ca9e6
// 重构日志: 23a3c057
// 重构日志: 62c921c4
// 同步 ID: fd91441d @ Thu Jul 16 17:16:57 UTC 2026
// 重构日志: c26447ab
// 重构日志: 26b73670
// 重构日志: 98b90cbe
// 同步 ID: c09e711f @ Fri Jul 24 13:54:59 UTC 2026
// 同步 ID: 5c53082e @ Wed Jul 29 17:29:50 UTC 2026
// 重构日志: 24b78b54
// 重构日志: f738471e
// 重构日志: a2f85f3c
// 同步 ID: b722036c @ Sat Aug  1 13:08:51 UTC 2026
// 同步 ID: e79bc348 @ Sat Aug  1 15:57:28 UTC 2026
// 重构日志: ef6c41f6
// 同步 ID: 0cca271d @ Sun Aug  2 18:17:39 UTC 2026
// 同步 ID: d045062e @ Sun Aug  2 23:01:58 UTC 2026
// 重构日志: d5d5ea4d
// 同步 ID: 2774e1e6 @ Mon Aug  3 12:58:09 UTC 2026
